c:\users\p010621n\documents\github\lowleveloptimisation\physio\physio\x64\release\vc143.pdb
c:\users\p010621n\documents\github\lowleveloptimisation\physio\physio\x64\release\vec3.obj
c:\users\p010621n\documents\github\lowleveloptimisation\physio\physio\x64\release\sphere.obj
c:\users\p010621n\documents\github\lowleveloptimisation\physio\physio\x64\release\main.obj
c:\users\p010621n\documents\github\lowleveloptimisation\physio\physio\x64\release\colliderobject.obj
c:\users\p010621n\documents\github\lowleveloptimisation\physio\physio\x64\release\box.obj
c:\users\p010621n\documents\github\lowleveloptimisation\physio\physio\x64\release\trackermanager.obj
c:\users\p010621n\documents\github\lowleveloptimisation\physio\physio\x64\release\spherepool.obj
c:\users\p010621n\documents\github\lowleveloptimisation\physio\physio\x64\release\boxpool.obj
c:\users\p010621n\documents\github\lowleveloptimisation\physio\x64\release\physio.exe
c:\users\p010621n\documents\github\lowleveloptimisation\physio\x64\release\physio.pdb
c:\users\p010621n\documents\github\lowleveloptimisation\physio\physio\x64\release\physio.ipdb
c:\users\p010621n\documents\github\lowleveloptimisation\physio\physio\x64\release\physio.iobj
c:\users\p010621n\documents\github\lowleveloptimisation\physio\physio\x64\release\physio.tlog\cl.command.1.tlog
c:\users\p010621n\documents\github\lowleveloptimisation\physio\physio\x64\release\physio.tlog\cl.items.tlog
c:\users\p010621n\documents\github\lowleveloptimisation\physio\physio\x64\release\physio.tlog\cl.read.1.tlog
c:\users\p010621n\documents\github\lowleveloptimisation\physio\physio\x64\release\physio.tlog\cl.write.1.tlog
c:\users\p010621n\documents\github\lowleveloptimisation\physio\physio\x64\release\physio.tlog\link.command.1.tlog
c:\users\p010621n\documents\github\lowleveloptimisation\physio\physio\x64\release\physio.tlog\link.read.1.tlog
c:\users\p010621n\documents\github\lowleveloptimisation\physio\physio\x64\release\physio.tlog\link.secondary.1.tlog
c:\users\p010621n\documents\github\lowleveloptimisation\physio\physio\x64\release\physio.tlog\link.write.1.tlog
